{"timestamp": "2025-12-01T00:07:54.492127", "level": "INFO", "logger": "emotion_analyzer.database", "message": "Database tables created successfully", "module": "database", "function": "init_db", "line": 24}
{"timestamp": "2025-12-01T00:07:54.493789", "level": "INFO", "logger": "emotion_analyzer.rubert_base_analyzer", "message": "Загрузка RuBERT-base-cased модели из директории: D:\\Programming\\python\\emotionalyzer\\App\\model", "module": "emotion_classifier", "function": "load_model", "line": 86}
{"timestamp": "2025-12-01T00:07:54.495224", "level": "INFO", "logger": "emotion_analyzer.rubert_base_analyzer", "message": "Найдено файлов токенизатора: 3", "module": "emotion_classifier", "function": "load_model", "line": 102}
{"timestamp": "2025-12-01T00:07:54.496497", "level": "INFO", "logger": "emotion_analyzer.rubert_base_analyzer", "message": "Загрузка токенизатора из локальных файлов", "module": "emotion_classifier", "function": "load_model", "line": 106}
{"timestamp": "2025-12-01T00:07:54.853458", "level": "INFO", "logger": "emotion_analyzer.rubert_base_analyzer", "message": "Загрузка весов модели из D:\\Programming\\python\\emotionalyzer\\App\\model\\rubert_emotion_classifier.pt", "module": "emotion_classifier", "function": "load_model", "line": 113}
{"timestamp": "2025-12-01T00:07:58.570772", "level": "INFO", "logger": "emotion_analyzer.rubert_base_model", "message": "Инициализирована модель RuBERT-base-cased с 6 классами", "module": "emotion_classifier", "function": "__init__", "line": 30}
{"timestamp": "2025-12-01T00:07:58.571301", "level": "INFO", "logger": "emotion_analyzer.rubert_base_model", "message": "Hidden size: 768, Layers: 12", "module": "emotion_classifier", "function": "__init__", "line": 31}
{"timestamp": "2025-12-01T00:07:58.571793", "level": "INFO", "logger": "emotion_analyzer.rubert_base_model", "message": "Vocab size: 119547", "module": "emotion_classifier", "function": "__init__", "line": 32}
{"timestamp": "2025-12-01T00:07:59.055199", "level": "INFO", "logger": "emotion_analyzer.rubert_base_analyzer", "message": "RuBERT-base-cased модель и токенизатор успешно загружены", "module": "emotion_classifier", "function": "load_model", "line": 124}
{"timestamp": "2025-12-01T00:07:59.135831", "level": "INFO", "logger": "emotion_analyzer.rubert_base_analyzer", "message": "Размер словаря: 119547", "module": "emotion_classifier", "function": "load_model", "line": 125}
{"timestamp": "2025-12-01T00:07:59.136367", "level": "INFO", "logger": "emotion_analyzer.rubert_base_analyzer", "message": "Архитектура: 12 слоев, hidden_size=768", "module": "emotion_classifier", "function": "load_model", "line": 126}
{"timestamp": "2025-12-01T00:16:46.293485", "level": "INFO", "logger": "emotion_analyzer.database", "message": "Database tables created successfully", "module": "database", "function": "init_db", "line": 24}
{"timestamp": "2025-12-01T00:16:46.294580", "level": "INFO", "logger": "emotion_analyzer.rubert_base_analyzer", "message": "Загрузка RuBERT-base-cased модели из директории: D:\\Programming\\python\\emotionalyzer\\App\\model", "module": "emotion_classifier", "function": "load_model", "line": 86}
{"timestamp": "2025-12-01T00:16:46.295939", "level": "INFO", "logger": "emotion_analyzer.rubert_base_analyzer", "message": "Найдено файлов токенизатора: 3", "module": "emotion_classifier", "function": "load_model", "line": 102}
{"timestamp": "2025-12-01T00:16:46.297060", "level": "INFO", "logger": "emotion_analyzer.rubert_base_analyzer", "message": "Загрузка токенизатора из локальных файлов", "module": "emotion_classifier", "function": "load_model", "line": 106}
{"timestamp": "2025-12-01T00:16:46.610836", "level": "INFO", "logger": "emotion_analyzer.rubert_base_analyzer", "message": "Загрузка весов модели из D:\\Programming\\python\\emotionalyzer\\App\\model\\rubert_emotion_classifier.pt", "module": "emotion_classifier", "function": "load_model", "line": 113}
{"timestamp": "2025-12-01T00:16:50.578012", "level": "INFO", "logger": "emotion_analyzer.rubert_base_model", "message": "Инициализирована модель RuBERT-base-cased с 6 классами", "module": "emotion_classifier", "function": "__init__", "line": 30}
{"timestamp": "2025-12-01T00:16:50.579181", "level": "INFO", "logger": "emotion_analyzer.rubert_base_model", "message": "Hidden size: 768, Layers: 12", "module": "emotion_classifier", "function": "__init__", "line": 31}
{"timestamp": "2025-12-01T00:16:50.580345", "level": "INFO", "logger": "emotion_analyzer.rubert_base_model", "message": "Vocab size: 119547", "module": "emotion_classifier", "function": "__init__", "line": 32}
{"timestamp": "2025-12-01T00:16:51.128177", "level": "INFO", "logger": "emotion_analyzer.rubert_base_analyzer", "message": "RuBERT-base-cased модель и токенизатор успешно загружены", "module": "emotion_classifier", "function": "load_model", "line": 124}
{"timestamp": "2025-12-01T00:16:51.248375", "level": "INFO", "logger": "emotion_analyzer.rubert_base_analyzer", "message": "Размер словаря: 119547", "module": "emotion_classifier", "function": "load_model", "line": 125}
{"timestamp": "2025-12-01T00:16:51.249297", "level": "INFO", "logger": "emotion_analyzer.rubert_base_analyzer", "message": "Архитектура: 12 слоев, hidden_size=768", "module": "emotion_classifier", "function": "load_model", "line": 126}
{"timestamp": "2025-12-01T19:31:18.745685", "level": "INFO", "logger": "emotion_analyzer.database", "message": "Database tables created successfully", "module": "database", "function": "init_db", "line": 24}
{"timestamp": "2025-12-01T19:31:18.746497", "level": "INFO", "logger": "emotion_analyzer.rubert_base_analyzer", "message": "Загрузка RuBERT-base-cased модели из директории: D:\\Programming\\python\\emotionalyzer\\App\\model", "module": "emotion_classifier", "function": "load_model", "line": 86}
{"timestamp": "2025-12-01T19:31:18.747600", "level": "INFO", "logger": "emotion_analyzer.rubert_base_analyzer", "message": "Найдено файлов токенизатора: 3", "module": "emotion_classifier", "function": "load_model", "line": 102}
{"timestamp": "2025-12-01T19:31:18.748351", "level": "INFO", "logger": "emotion_analyzer.rubert_base_analyzer", "message": "Загрузка токенизатора из локальных файлов", "module": "emotion_classifier", "function": "load_model", "line": 106}
{"timestamp": "2025-12-01T19:31:19.033588", "level": "INFO", "logger": "emotion_analyzer.rubert_base_analyzer", "message": "Загрузка весов модели из D:\\Programming\\python\\emotionalyzer\\App\\model\\rubert_emotion_classifier.pt", "module": "emotion_classifier", "function": "load_model", "line": 113}
{"timestamp": "2025-12-01T19:32:02.603275", "level": "INFO", "logger": "emotion_analyzer.rubert_base_model", "message": "Инициализирована модель RuBERT-base-cased с 6 классами", "module": "emotion_classifier", "function": "__init__", "line": 30}
{"timestamp": "2025-12-01T19:32:02.603756", "level": "INFO", "logger": "emotion_analyzer.rubert_base_model", "message": "Hidden size: 768, Layers: 12", "module": "emotion_classifier", "function": "__init__", "line": 31}
{"timestamp": "2025-12-01T19:32:02.604193", "level": "INFO", "logger": "emotion_analyzer.rubert_base_model", "message": "Vocab size: 119547", "module": "emotion_classifier", "function": "__init__", "line": 32}
{"timestamp": "2025-12-01T19:32:03.054762", "level": "INFO", "logger": "emotion_analyzer.rubert_base_analyzer", "message": "RuBERT-base-cased модель и токенизатор успешно загружены", "module": "emotion_classifier", "function": "load_model", "line": 124}
{"timestamp": "2025-12-01T19:32:03.122308", "level": "INFO", "logger": "emotion_analyzer.rubert_base_analyzer", "message": "Размер словаря: 119547", "module": "emotion_classifier", "function": "load_model", "line": 125}
{"timestamp": "2025-12-01T19:32:03.122973", "level": "INFO", "logger": "emotion_analyzer.rubert_base_analyzer", "message": "Архитектура: 12 слоев, hidden_size=768", "module": "emotion_classifier", "function": "load_model", "line": 126}
{"timestamp": "2025-12-01T19:36:04.292507", "level": "INFO", "logger": "emotion_analyzer.database", "message": "Database tables created successfully", "module": "database", "function": "init_db", "line": 24}
{"timestamp": "2025-12-01T19:36:04.293262", "level": "INFO", "logger": "emotion_analyzer.rubert_base_analyzer", "message": "Загрузка RuBERT-base-cased модели из директории: D:\\Programming\\python\\emotionalyzer\\App\\model", "module": "emotion_classifier", "function": "load_model", "line": 86}
{"timestamp": "2025-12-01T19:36:04.294303", "level": "INFO", "logger": "emotion_analyzer.rubert_base_analyzer", "message": "Найдено файлов токенизатора: 3", "module": "emotion_classifier", "function": "load_model", "line": 102}
{"timestamp": "2025-12-01T19:36:04.295023", "level": "INFO", "logger": "emotion_analyzer.rubert_base_analyzer", "message": "Загрузка токенизатора из локальных файлов", "module": "emotion_classifier", "function": "load_model", "line": 106}
{"timestamp": "2025-12-01T19:36:04.620304", "level": "INFO", "logger": "emotion_analyzer.rubert_base_analyzer", "message": "Загрузка весов модели из D:\\Programming\\python\\emotionalyzer\\App\\model\\rubert_emotion_classifier.pt", "module": "emotion_classifier", "function": "load_model", "line": 113}
{"timestamp": "2025-12-01T19:37:00.502097", "level": "INFO", "logger": "emotion_analyzer.rubert_base_model", "message": "Инициализирована модель RuBERT-base-cased с 6 классами", "module": "emotion_classifier", "function": "__init__", "line": 30}
{"timestamp": "2025-12-01T19:37:00.503391", "level": "INFO", "logger": "emotion_analyzer.rubert_base_model", "message": "Hidden size: 768, Layers: 12", "module": "emotion_classifier", "function": "__init__", "line": 31}
{"timestamp": "2025-12-01T19:37:00.504122", "level": "INFO", "logger": "emotion_analyzer.rubert_base_model", "message": "Vocab size: 119547", "module": "emotion_classifier", "function": "__init__", "line": 32}
{"timestamp": "2025-12-01T19:37:01.101666", "level": "INFO", "logger": "emotion_analyzer.rubert_base_analyzer", "message": "RuBERT-base-cased модель и токенизатор успешно загружены", "module": "emotion_classifier", "function": "load_model", "line": 124}
{"timestamp": "2025-12-01T19:37:01.208433", "level": "INFO", "logger": "emotion_analyzer.rubert_base_analyzer", "message": "Размер словаря: 119547", "module": "emotion_classifier", "function": "load_model", "line": 125}
{"timestamp": "2025-12-01T19:37:01.209024", "level": "INFO", "logger": "emotion_analyzer.rubert_base_analyzer", "message": "Архитектура: 12 слоев, hidden_size=768", "module": "emotion_classifier", "function": "load_model", "line": 126}
{"timestamp": "2025-12-01T19:42:55.444091", "level": "INFO", "logger": "emotion_analyzer.database", "message": "Database tables created successfully", "module": "database", "function": "init_db", "line": 24}
{"timestamp": "2025-12-01T19:42:55.444892", "level": "INFO", "logger": "emotion_analyzer.rubert_base_analyzer", "message": "Загрузка RuBERT-base-cased модели из директории: D:\\Programming\\python\\emotionalyzer\\App\\model", "module": "emotion_classifier", "function": "load_model", "line": 86}
{"timestamp": "2025-12-01T19:42:55.445803", "level": "INFO", "logger": "emotion_analyzer.rubert_base_analyzer", "message": "Найдено файлов токенизатора: 3", "module": "emotion_classifier", "function": "load_model", "line": 102}
{"timestamp": "2025-12-01T19:42:55.446567", "level": "INFO", "logger": "emotion_analyzer.rubert_base_analyzer", "message": "Загрузка токенизатора из локальных файлов", "module": "emotion_classifier", "function": "load_model", "line": 106}
{"timestamp": "2025-12-01T19:42:55.740893", "level": "INFO", "logger": "emotion_analyzer.rubert_base_analyzer", "message": "Загрузка весов модели из D:\\Programming\\python\\emotionalyzer\\App\\model\\rubert_emotion_classifier.pt", "module": "emotion_classifier", "function": "load_model", "line": 113}
{"timestamp": "2025-12-01T19:42:59.595748", "level": "INFO", "logger": "emotion_analyzer.rubert_base_model", "message": "Инициализирована модель RuBERT-base-cased с 6 классами", "module": "emotion_classifier", "function": "__init__", "line": 30}
{"timestamp": "2025-12-01T19:42:59.596341", "level": "INFO", "logger": "emotion_analyzer.rubert_base_model", "message": "Hidden size: 768, Layers: 12", "module": "emotion_classifier", "function": "__init__", "line": 31}
{"timestamp": "2025-12-01T19:42:59.596881", "level": "INFO", "logger": "emotion_analyzer.rubert_base_model", "message": "Vocab size: 119547", "module": "emotion_classifier", "function": "__init__", "line": 32}
{"timestamp": "2025-12-01T19:43:00.129555", "level": "INFO", "logger": "emotion_analyzer.rubert_base_analyzer", "message": "RuBERT-base-cased модель и токенизатор успешно загружены", "module": "emotion_classifier", "function": "load_model", "line": 124}
{"timestamp": "2025-12-01T19:43:00.196138", "level": "INFO", "logger": "emotion_analyzer.rubert_base_analyzer", "message": "Размер словаря: 119547", "module": "emotion_classifier", "function": "load_model", "line": 125}
{"timestamp": "2025-12-01T19:43:00.196714", "level": "INFO", "logger": "emotion_analyzer.rubert_base_analyzer", "message": "Архитектура: 12 слоев, hidden_size=768", "module": "emotion_classifier", "function": "load_model", "line": 126}
{"timestamp": "2025-12-01T19:44:38.562206", "level": "INFO", "logger": "emotion_analyzer.web", "message": "=== FORM DATA DUMP ===", "module": "app", "function": "test_form", "line": 352}
{"timestamp": "2025-12-01T19:44:38.563096", "level": "INFO", "logger": "emotion_analyzer.web", "message": "email: nikitasloboda14@gmail.com (type: <class 'str'>)", "module": "app", "function": "test_form", "line": 354}
{"timestamp": "2025-12-01T19:44:38.563770", "level": "INFO", "logger": "emotion_analyzer.web", "message": "username: niki (type: <class 'str'>)", "module": "app", "function": "test_form", "line": 354}
{"timestamp": "2025-12-01T19:44:38.565160", "level": "INFO", "logger": "emotion_analyzer.web", "message": "password: 123456 (type: <class 'str'>)", "module": "app", "function": "test_form", "line": 354}
{"timestamp": "2025-12-01T19:44:38.566017", "level": "INFO", "logger": "emotion_analyzer.web", "message": "======================", "module": "app", "function": "test_form", "line": 355}
{"timestamp": "2025-12-01T19:51:53.254149", "level": "INFO", "logger": "emotion_analyzer.database", "message": "Database tables created successfully", "module": "database", "function": "init_db", "line": 24}
{"timestamp": "2025-12-01T19:51:53.255008", "level": "INFO", "logger": "emotion_analyzer.rubert_base_analyzer", "message": "Загрузка RuBERT-base-cased модели из директории: D:\\Programming\\python\\emotionalyzer\\App\\model", "module": "emotion_classifier", "function": "load_model", "line": 86}
{"timestamp": "2025-12-01T19:51:53.256119", "level": "INFO", "logger": "emotion_analyzer.rubert_base_analyzer", "message": "Найдено файлов токенизатора: 3", "module": "emotion_classifier", "function": "load_model", "line": 102}
{"timestamp": "2025-12-01T19:51:53.256922", "level": "INFO", "logger": "emotion_analyzer.rubert_base_analyzer", "message": "Загрузка токенизатора из локальных файлов", "module": "emotion_classifier", "function": "load_model", "line": 106}
{"timestamp": "2025-12-01T19:51:53.605656", "level": "INFO", "logger": "emotion_analyzer.rubert_base_analyzer", "message": "Загрузка весов модели из D:\\Programming\\python\\emotionalyzer\\App\\model\\rubert_emotion_classifier.pt", "module": "emotion_classifier", "function": "load_model", "line": 113}
{"timestamp": "2025-12-01T19:51:57.528543", "level": "INFO", "logger": "emotion_analyzer.rubert_base_model", "message": "Инициализирована модель RuBERT-base-cased с 6 классами", "module": "emotion_classifier", "function": "__init__", "line": 30}
{"timestamp": "2025-12-01T19:51:57.529131", "level": "INFO", "logger": "emotion_analyzer.rubert_base_model", "message": "Hidden size: 768, Layers: 12", "module": "emotion_classifier", "function": "__init__", "line": 31}
{"timestamp": "2025-12-01T19:51:57.529537", "level": "INFO", "logger": "emotion_analyzer.rubert_base_model", "message": "Vocab size: 119547", "module": "emotion_classifier", "function": "__init__", "line": 32}
{"timestamp": "2025-12-01T19:51:57.973306", "level": "INFO", "logger": "emotion_analyzer.rubert_base_analyzer", "message": "RuBERT-base-cased модель и токенизатор успешно загружены", "module": "emotion_classifier", "function": "load_model", "line": 124}
{"timestamp": "2025-12-01T19:51:58.051324", "level": "INFO", "logger": "emotion_analyzer.rubert_base_analyzer", "message": "Размер словаря: 119547", "module": "emotion_classifier", "function": "load_model", "line": 125}
{"timestamp": "2025-12-01T19:51:58.052325", "level": "INFO", "logger": "emotion_analyzer.rubert_base_analyzer", "message": "Архитектура: 12 слоев, hidden_size=768", "module": "emotion_classifier", "function": "load_model", "line": 126}
{"timestamp": "2025-12-01T19:54:19.221262", "level": "INFO", "logger": "emotion_analyzer.database", "message": "Database tables created successfully", "module": "database", "function": "init_db", "line": 24}
{"timestamp": "2025-12-01T19:54:19.221973", "level": "INFO", "logger": "emotion_analyzer.rubert_base_analyzer", "message": "Загрузка RuBERT-base-cased модели из директории: D:\\Programming\\python\\emotionalyzer\\App\\model", "module": "emotion_classifier", "function": "load_model", "line": 86}
{"timestamp": "2025-12-01T19:54:19.223157", "level": "INFO", "logger": "emotion_analyzer.rubert_base_analyzer", "message": "Найдено файлов токенизатора: 3", "module": "emotion_classifier", "function": "load_model", "line": 102}
{"timestamp": "2025-12-01T19:54:19.223949", "level": "INFO", "logger": "emotion_analyzer.rubert_base_analyzer", "message": "Загрузка токенизатора из локальных файлов", "module": "emotion_classifier", "function": "load_model", "line": 106}
{"timestamp": "2025-12-01T19:54:19.504210", "level": "INFO", "logger": "emotion_analyzer.rubert_base_analyzer", "message": "Загрузка весов модели из D:\\Programming\\python\\emotionalyzer\\App\\model\\rubert_emotion_classifier.pt", "module": "emotion_classifier", "function": "load_model", "line": 113}
{"timestamp": "2025-12-01T19:54:23.521853", "level": "INFO", "logger": "emotion_analyzer.rubert_base_model", "message": "Инициализирована модель RuBERT-base-cased с 6 классами", "module": "emotion_classifier", "function": "__init__", "line": 30}
{"timestamp": "2025-12-01T19:54:23.522421", "level": "INFO", "logger": "emotion_analyzer.rubert_base_model", "message": "Hidden size: 768, Layers: 12", "module": "emotion_classifier", "function": "__init__", "line": 31}
{"timestamp": "2025-12-01T19:54:23.522917", "level": "INFO", "logger": "emotion_analyzer.rubert_base_model", "message": "Vocab size: 119547", "module": "emotion_classifier", "function": "__init__", "line": 32}
{"timestamp": "2025-12-01T19:54:24.002693", "level": "INFO", "logger": "emotion_analyzer.rubert_base_analyzer", "message": "RuBERT-base-cased модель и токенизатор успешно загружены", "module": "emotion_classifier", "function": "load_model", "line": 124}
{"timestamp": "2025-12-01T19:54:24.080513", "level": "INFO", "logger": "emotion_analyzer.rubert_base_analyzer", "message": "Размер словаря: 119547", "module": "emotion_classifier", "function": "load_model", "line": 125}
{"timestamp": "2025-12-01T19:54:24.081067", "level": "INFO", "logger": "emotion_analyzer.rubert_base_analyzer", "message": "Архитектура: 12 слоев, hidden_size=768", "module": "emotion_classifier", "function": "load_model", "line": 126}
{"timestamp": "2025-12-01T20:11:01.914771", "level": "INFO", "logger": "emotion_analyzer.database", "message": "Database tables created successfully", "module": "database", "function": "init_db", "line": 24}
{"timestamp": "2025-12-01T20:11:01.915570", "level": "INFO", "logger": "emotion_analyzer.rubert_base_analyzer", "message": "Загрузка RuBERT-base-cased модели из директории: D:\\Programming\\python\\emotionalyzer\\App\\model", "module": "emotion_classifier", "function": "load_model", "line": 86}
{"timestamp": "2025-12-01T20:11:01.916358", "level": "INFO", "logger": "emotion_analyzer.rubert_base_analyzer", "message": "Найдено файлов токенизатора: 3", "module": "emotion_classifier", "function": "load_model", "line": 102}
{"timestamp": "2025-12-01T20:11:01.916843", "level": "INFO", "logger": "emotion_analyzer.rubert_base_analyzer", "message": "Загрузка токенизатора из локальных файлов", "module": "emotion_classifier", "function": "load_model", "line": 106}
{"timestamp": "2025-12-01T20:11:02.181228", "level": "INFO", "logger": "emotion_analyzer.rubert_base_analyzer", "message": "Загрузка весов модели из D:\\Programming\\python\\emotionalyzer\\App\\model\\rubert_emotion_classifier.pt", "module": "emotion_classifier", "function": "load_model", "line": 113}
{"timestamp": "2025-12-01T20:11:05.911233", "level": "INFO", "logger": "emotion_analyzer.rubert_base_model", "message": "Инициализирована модель RuBERT-base-cased с 6 классами", "module": "emotion_classifier", "function": "__init__", "line": 30}
{"timestamp": "2025-12-01T20:11:05.911749", "level": "INFO", "logger": "emotion_analyzer.rubert_base_model", "message": "Hidden size: 768, Layers: 12", "module": "emotion_classifier", "function": "__init__", "line": 31}
{"timestamp": "2025-12-01T20:11:05.912289", "level": "INFO", "logger": "emotion_analyzer.rubert_base_model", "message": "Vocab size: 119547", "module": "emotion_classifier", "function": "__init__", "line": 32}
{"timestamp": "2025-12-01T20:11:06.401535", "level": "INFO", "logger": "emotion_analyzer.rubert_base_analyzer", "message": "RuBERT-base-cased модель и токенизатор успешно загружены", "module": "emotion_classifier", "function": "load_model", "line": 124}
{"timestamp": "2025-12-01T20:11:06.482451", "level": "INFO", "logger": "emotion_analyzer.rubert_base_analyzer", "message": "Размер словаря: 119547", "module": "emotion_classifier", "function": "load_model", "line": 125}
{"timestamp": "2025-12-01T20:11:06.482833", "level": "INFO", "logger": "emotion_analyzer.rubert_base_analyzer", "message": "Архитектура: 12 слоев, hidden_size=768", "module": "emotion_classifier", "function": "load_model", "line": 126}
{"timestamp": "2025-12-01T20:19:07.035027", "level": "INFO", "logger": "emotion_analyzer.database", "message": "Database tables created successfully", "module": "database", "function": "init_db", "line": 24}
{"timestamp": "2025-12-01T20:22:56.343652", "level": "INFO", "logger": "emotion_analyzer.init_db", "message": "Starting database initialization...", "module": "init_database", "function": "main", "line": 20}
{"timestamp": "2025-12-01T20:22:56.467762", "level": "INFO", "logger": "emotion_analyzer.database", "message": "Database tables created successfully", "module": "database", "function": "init_db", "line": 24}
{"timestamp": "2025-12-01T20:22:56.468438", "level": "INFO", "logger": "emotion_analyzer.init_db", "message": "Database initialization completed successfully!", "module": "init_database", "function": "main", "line": 22}
{"timestamp": "2025-12-01T20:22:56.469439", "level": "ERROR", "logger": "emotion_analyzer.init_db", "message": "Database initialization failed: No module named 'modules.models'", "module": "init_database", "function": "main", "line": 30}
{"timestamp": "2025-12-01T20:23:59.838184", "level": "INFO", "logger": "emotion_analyzer.init_db", "message": "Starting database initialization...", "module": "init_database", "function": "main", "line": 20}
{"timestamp": "2025-12-01T20:23:59.964080", "level": "INFO", "logger": "emotion_analyzer.database", "message": "Database tables created successfully", "module": "database", "function": "init_db", "line": 24}
{"timestamp": "2025-12-01T20:23:59.964939", "level": "INFO", "logger": "emotion_analyzer.init_db", "message": "Database initialization completed successfully!", "module": "init_database", "function": "main", "line": 22}
{"timestamp": "2025-12-01T20:23:59.977639", "level": "INFO", "logger": "emotion_analyzer.init_db", "message": "Created tables: ['users', 'text_analyses']", "module": "init_database", "function": "main", "line": 27}
{"timestamp": "2025-12-01T20:24:29.299050", "level": "INFO", "logger": "emotion_analyzer.database", "message": "Database tables created successfully", "module": "database", "function": "init_db", "line": 24}
{"timestamp": "2025-12-01T20:24:29.299864", "level": "INFO", "logger": "emotion_analyzer.rubert_base_analyzer", "message": "Загрузка RuBERT-base-cased модели из директории: D:\\Programming\\python\\emotionalyzer\\App\\model", "module": "emotion_classifier", "function": "load_model", "line": 86}
{"timestamp": "2025-12-01T20:24:29.300941", "level": "INFO", "logger": "emotion_analyzer.rubert_base_analyzer", "message": "Найдено файлов токенизатора: 3", "module": "emotion_classifier", "function": "load_model", "line": 102}
{"timestamp": "2025-12-01T20:24:29.302025", "level": "INFO", "logger": "emotion_analyzer.rubert_base_analyzer", "message": "Загрузка токенизатора из локальных файлов", "module": "emotion_classifier", "function": "load_model", "line": 106}
{"timestamp": "2025-12-01T20:24:29.580520", "level": "INFO", "logger": "emotion_analyzer.rubert_base_analyzer", "message": "Загрузка весов модели из D:\\Programming\\python\\emotionalyzer\\App\\model\\rubert_emotion_classifier.pt", "module": "emotion_classifier", "function": "load_model", "line": 113}
{"timestamp": "2025-12-01T20:24:33.166282", "level": "INFO", "logger": "emotion_analyzer.rubert_base_model", "message": "Инициализирована модель RuBERT-base-cased с 6 классами", "module": "emotion_classifier", "function": "__init__", "line": 30}
{"timestamp": "2025-12-01T20:24:33.166870", "level": "INFO", "logger": "emotion_analyzer.rubert_base_model", "message": "Hidden size: 768, Layers: 12", "module": "emotion_classifier", "function": "__init__", "line": 31}
{"timestamp": "2025-12-01T20:24:33.167413", "level": "INFO", "logger": "emotion_analyzer.rubert_base_model", "message": "Vocab size: 119547", "module": "emotion_classifier", "function": "__init__", "line": 32}
{"timestamp": "2025-12-01T20:24:33.636192", "level": "INFO", "logger": "emotion_analyzer.rubert_base_analyzer", "message": "RuBERT-base-cased модель и токенизатор успешно загружены", "module": "emotion_classifier", "function": "load_model", "line": 124}
{"timestamp": "2025-12-01T20:24:33.710085", "level": "INFO", "logger": "emotion_analyzer.rubert_base_analyzer", "message": "Размер словаря: 119547", "module": "emotion_classifier", "function": "load_model", "line": 125}
{"timestamp": "2025-12-01T20:24:33.710649", "level": "INFO", "logger": "emotion_analyzer.rubert_base_analyzer", "message": "Архитектура: 12 слоев, hidden_size=768", "module": "emotion_classifier", "function": "load_model", "line": 126}
{"timestamp": "2025-12-01T20:32:12.437911", "level": "INFO", "logger": "emotion_analyzer.database", "message": "Database tables created successfully", "module": "database", "function": "init_db", "line": 24}
{"timestamp": "2025-12-01T20:32:12.438698", "level": "INFO", "logger": "emotion_analyzer.rubert_base_analyzer", "message": "Загрузка RuBERT-base-cased модели из директории: D:\\Programming\\python\\emotionalyzer\\App\\model", "module": "emotion_classifier", "function": "load_model", "line": 86}
{"timestamp": "2025-12-01T20:32:12.439873", "level": "INFO", "logger": "emotion_analyzer.rubert_base_analyzer", "message": "Найдено файлов токенизатора: 3", "module": "emotion_classifier", "function": "load_model", "line": 102}
{"timestamp": "2025-12-01T20:32:12.440742", "level": "INFO", "logger": "emotion_analyzer.rubert_base_analyzer", "message": "Загрузка токенизатора из локальных файлов", "module": "emotion_classifier", "function": "load_model", "line": 106}
{"timestamp": "2025-12-01T20:32:12.743473", "level": "INFO", "logger": "emotion_analyzer.rubert_base_analyzer", "message": "Загрузка весов модели из D:\\Programming\\python\\emotionalyzer\\App\\model\\rubert_emotion_classifier.pt", "module": "emotion_classifier", "function": "load_model", "line": 113}
{"timestamp": "2025-12-01T20:32:20.002458", "level": "INFO", "logger": "emotion_analyzer.rubert_base_model", "message": "Инициализирована модель RuBERT-base-cased с 6 классами", "module": "emotion_classifier", "function": "__init__", "line": 30}
{"timestamp": "2025-12-01T20:32:20.003055", "level": "INFO", "logger": "emotion_analyzer.rubert_base_model", "message": "Hidden size: 768, Layers: 12", "module": "emotion_classifier", "function": "__init__", "line": 31}
{"timestamp": "2025-12-01T20:32:20.003552", "level": "INFO", "logger": "emotion_analyzer.rubert_base_model", "message": "Vocab size: 119547", "module": "emotion_classifier", "function": "__init__", "line": 32}
{"timestamp": "2025-12-01T20:32:20.614750", "level": "INFO", "logger": "emotion_analyzer.rubert_base_analyzer", "message": "RuBERT-base-cased модель и токенизатор успешно загружены", "module": "emotion_classifier", "function": "load_model", "line": 124}
{"timestamp": "2025-12-01T20:32:20.697586", "level": "INFO", "logger": "emotion_analyzer.rubert_base_analyzer", "message": "Размер словаря: 119547", "module": "emotion_classifier", "function": "load_model", "line": 125}
{"timestamp": "2025-12-01T20:32:20.698032", "level": "INFO", "logger": "emotion_analyzer.rubert_base_analyzer", "message": "Архитектура: 12 слоев, hidden_size=768", "module": "emotion_classifier", "function": "load_model", "line": 126}
{"timestamp": "2025-12-01T20:46:50.842625", "level": "INFO", "logger": "emotion_analyzer.database", "message": "Database tables created successfully", "module": "database", "function": "init_db", "line": 24}
{"timestamp": "2025-12-01T20:46:50.843410", "level": "INFO", "logger": "emotion_analyzer.rubert_base_analyzer", "message": "Загрузка RuBERT-base-cased модели из директории: D:\\Programming\\python\\emotionalyzer\\App\\model", "module": "emotion_classifier", "function": "load_model", "line": 86}
{"timestamp": "2025-12-01T20:46:50.844434", "level": "INFO", "logger": "emotion_analyzer.rubert_base_analyzer", "message": "Найдено файлов токенизатора: 3", "module": "emotion_classifier", "function": "load_model", "line": 102}
{"timestamp": "2025-12-01T20:46:50.845146", "level": "INFO", "logger": "emotion_analyzer.rubert_base_analyzer", "message": "Загрузка токенизатора из локальных файлов", "module": "emotion_classifier", "function": "load_model", "line": 106}
{"timestamp": "2025-12-01T20:46:51.130174", "level": "INFO", "logger": "emotion_analyzer.rubert_base_analyzer", "message": "Загрузка весов модели из D:\\Programming\\python\\emotionalyzer\\App\\model\\rubert_emotion_classifier.pt", "module": "emotion_classifier", "function": "load_model", "line": 113}
{"timestamp": "2025-12-01T20:46:55.797827", "level": "INFO", "logger": "emotion_analyzer.rubert_base_model", "message": "Инициализирована модель RuBERT-base-cased с 6 классами", "module": "emotion_classifier", "function": "__init__", "line": 30}
{"timestamp": "2025-12-01T20:46:55.798444", "level": "INFO", "logger": "emotion_analyzer.rubert_base_model", "message": "Hidden size: 768, Layers: 12", "module": "emotion_classifier", "function": "__init__", "line": 31}
{"timestamp": "2025-12-01T20:46:55.799177", "level": "INFO", "logger": "emotion_analyzer.rubert_base_model", "message": "Vocab size: 119547", "module": "emotion_classifier", "function": "__init__", "line": 32}
{"timestamp": "2025-12-01T20:46:56.252507", "level": "INFO", "logger": "emotion_analyzer.rubert_base_analyzer", "message": "RuBERT-base-cased модель и токенизатор успешно загружены", "module": "emotion_classifier", "function": "load_model", "line": 124}
{"timestamp": "2025-12-01T20:46:56.325299", "level": "INFO", "logger": "emotion_analyzer.rubert_base_analyzer", "message": "Размер словаря: 119547", "module": "emotion_classifier", "function": "load_model", "line": 125}
{"timestamp": "2025-12-01T20:46:56.326147", "level": "INFO", "logger": "emotion_analyzer.rubert_base_analyzer", "message": "Архитектура: 12 слоев, hidden_size=768", "module": "emotion_classifier", "function": "load_model", "line": 126}
{"timestamp": "2025-12-01T20:59:31.196065", "level": "INFO", "logger": "emotion_analyzer.database", "message": "Database tables created successfully", "module": "database", "function": "init_db", "line": 24}
{"timestamp": "2025-12-01T20:59:31.196795", "level": "INFO", "logger": "emotion_analyzer.rubert_base_analyzer", "message": "Загрузка RuBERT-base-cased модели из директории: D:\\Programming\\python\\emotionalyzer\\App\\model", "module": "emotion_classifier", "function": "load_model", "line": 86}
{"timestamp": "2025-12-01T20:59:31.197587", "level": "INFO", "logger": "emotion_analyzer.rubert_base_analyzer", "message": "Найдено файлов токенизатора: 3", "module": "emotion_classifier", "function": "load_model", "line": 102}
{"timestamp": "2025-12-01T20:59:31.198383", "level": "INFO", "logger": "emotion_analyzer.rubert_base_analyzer", "message": "Загрузка токенизатора из локальных файлов", "module": "emotion_classifier", "function": "load_model", "line": 106}
{"timestamp": "2025-12-01T20:59:31.476789", "level": "INFO", "logger": "emotion_analyzer.rubert_base_analyzer", "message": "Загрузка весов модели из D:\\Programming\\python\\emotionalyzer\\App\\model\\rubert_emotion_classifier.pt", "module": "emotion_classifier", "function": "load_model", "line": 113}
{"timestamp": "2025-12-01T20:59:34.764903", "level": "INFO", "logger": "emotion_analyzer.rubert_base_model", "message": "Инициализирована модель RuBERT-base-cased с 6 классами", "module": "emotion_classifier", "function": "__init__", "line": 30}
{"timestamp": "2025-12-01T20:59:34.765417", "level": "INFO", "logger": "emotion_analyzer.rubert_base_model", "message": "Hidden size: 768, Layers: 12", "module": "emotion_classifier", "function": "__init__", "line": 31}
{"timestamp": "2025-12-01T20:59:34.766011", "level": "INFO", "logger": "emotion_analyzer.rubert_base_model", "message": "Vocab size: 119547", "module": "emotion_classifier", "function": "__init__", "line": 32}
{"timestamp": "2025-12-01T20:59:35.215700", "level": "INFO", "logger": "emotion_analyzer.rubert_base_analyzer", "message": "RuBERT-base-cased модель и токенизатор успешно загружены", "module": "emotion_classifier", "function": "load_model", "line": 124}
{"timestamp": "2025-12-01T20:59:35.290640", "level": "INFO", "logger": "emotion_analyzer.rubert_base_analyzer", "message": "Размер словаря: 119547", "module": "emotion_classifier", "function": "load_model", "line": 125}
{"timestamp": "2025-12-01T20:59:35.291140", "level": "INFO", "logger": "emotion_analyzer.rubert_base_analyzer", "message": "Архитектура: 12 слоев, hidden_size=768", "module": "emotion_classifier", "function": "load_model", "line": 126}
{"timestamp": "2025-12-01T21:06:10.130194", "level": "INFO", "logger": "emotion_analyzer.database", "message": "Database tables created successfully", "module": "database", "function": "init_db", "line": 24}
{"timestamp": "2025-12-01T21:06:10.131004", "level": "INFO", "logger": "emotion_analyzer.rubert_base_analyzer", "message": "Загрузка RuBERT-base-cased модели из директории: D:\\Programming\\python\\emotionalyzer\\App\\model", "module": "emotion_classifier", "function": "load_model", "line": 86}
{"timestamp": "2025-12-01T21:06:10.132172", "level": "INFO", "logger": "emotion_analyzer.rubert_base_analyzer", "message": "Найдено файлов токенизатора: 3", "module": "emotion_classifier", "function": "load_model", "line": 102}
{"timestamp": "2025-12-01T21:06:10.132979", "level": "INFO", "logger": "emotion_analyzer.rubert_base_analyzer", "message": "Загрузка токенизатора из локальных файлов", "module": "emotion_classifier", "function": "load_model", "line": 106}
{"timestamp": "2025-12-01T21:06:10.398035", "level": "INFO", "logger": "emotion_analyzer.rubert_base_analyzer", "message": "Загрузка весов модели из D:\\Programming\\python\\emotionalyzer\\App\\model\\rubert_emotion_classifier.pt", "module": "emotion_classifier", "function": "load_model", "line": 113}
{"timestamp": "2025-12-01T21:06:14.247664", "level": "INFO", "logger": "emotion_analyzer.rubert_base_model", "message": "Инициализирована модель RuBERT-base-cased с 6 классами", "module": "emotion_classifier", "function": "__init__", "line": 30}
{"timestamp": "2025-12-01T21:06:14.248377", "level": "INFO", "logger": "emotion_analyzer.rubert_base_model", "message": "Hidden size: 768, Layers: 12", "module": "emotion_classifier", "function": "__init__", "line": 31}
{"timestamp": "2025-12-01T21:06:14.248896", "level": "INFO", "logger": "emotion_analyzer.rubert_base_model", "message": "Vocab size: 119547", "module": "emotion_classifier", "function": "__init__", "line": 32}
{"timestamp": "2025-12-01T21:06:14.710063", "level": "INFO", "logger": "emotion_analyzer.rubert_base_analyzer", "message": "RuBERT-base-cased модель и токенизатор успешно загружены", "module": "emotion_classifier", "function": "load_model", "line": 124}
{"timestamp": "2025-12-01T21:06:14.788510", "level": "INFO", "logger": "emotion_analyzer.rubert_base_analyzer", "message": "Размер словаря: 119547", "module": "emotion_classifier", "function": "load_model", "line": 125}
{"timestamp": "2025-12-01T21:06:14.789158", "level": "INFO", "logger": "emotion_analyzer.rubert_base_analyzer", "message": "Архитектура: 12 слоев, hidden_size=768", "module": "emotion_classifier", "function": "load_model", "line": 126}
{"timestamp": "2025-12-01T21:06:33.524558", "level": "INFO", "logger": "emotion_analyzer.web", "message": "Registration - Email: , Username: , Is Admin: False", "module": "app", "function": "register_web", "line": 116}
{"timestamp": "2025-12-01T21:06:53.464424", "level": "INFO", "logger": "emotion_analyzer.web", "message": "Registration - Email: example@example.com, Username: niki, Is Admin: False", "module": "app", "function": "register_web", "line": 116}
{"timestamp": "2025-12-01T21:06:54.113365", "level": "INFO", "logger": "emotion_analyzer.web", "message": "User registered successfully: niki (ID: 3)", "module": "app", "function": "register_web", "line": 181}
{"timestamp": "2025-12-01T21:07:18.940061", "level": "INFO", "logger": "emotion_analyzer.rubert_base_analyzer", "message": "Начинается анализ 5 предложений с RuBERT-base-cased", "module": "emotion_classifier", "function": "analyze_sentences", "line": 185}
{"timestamp": "2025-12-01T21:07:19.668247", "level": "INFO", "logger": "emotion_analyzer.rubert_base_analyzer", "message": "RuBERT-base-cased анализ завершен: 5 из 5 предложений", "module": "emotion_classifier", "function": "analyze_sentences", "line": 198}
{"timestamp": "2025-12-01T21:07:19.668883", "level": "INFO", "logger": "emotion_analyzer.rubert_base_analyzer", "message": "Создание визуализаций для результатов анализа", "module": "emotion_classifier", "function": "create_visualizations", "line": 267}
{"timestamp": "2025-12-01T21:07:21.844162", "level": "INFO", "logger": "emotion_analyzer.rubert_base_analyzer", "message": "Визуализации успешно созданы", "module": "emotion_classifier", "function": "create_visualizations", "line": 298}
{"timestamp": "2025-12-01T21:24:03.432008", "level": "INFO", "logger": "emotion_analyzer.database", "message": "Database tables created successfully", "module": "database", "function": "init_db", "line": 24}
{"timestamp": "2025-12-01T21:24:03.432819", "level": "INFO", "logger": "emotion_analyzer.rubert_base_analyzer", "message": "Загрузка RuBERT-base-cased модели из директории: D:\\Programming\\python\\emotionalyzer\\App\\model", "module": "emotion_classifier", "function": "load_model", "line": 86}
{"timestamp": "2025-12-01T21:24:03.433640", "level": "INFO", "logger": "emotion_analyzer.rubert_base_analyzer", "message": "Найдено файлов токенизатора: 3", "module": "emotion_classifier", "function": "load_model", "line": 102}
{"timestamp": "2025-12-01T21:24:03.434229", "level": "INFO", "logger": "emotion_analyzer.rubert_base_analyzer", "message": "Загрузка токенизатора из локальных файлов", "module": "emotion_classifier", "function": "load_model", "line": 106}
{"timestamp": "2025-12-01T21:24:03.708497", "level": "INFO", "logger": "emotion_analyzer.rubert_base_analyzer", "message": "Загрузка весов модели из D:\\Programming\\python\\emotionalyzer\\App\\model\\rubert_emotion_classifier.pt", "module": "emotion_classifier", "function": "load_model", "line": 113}
{"timestamp": "2025-12-01T21:24:08.803910", "level": "INFO", "logger": "emotion_analyzer.rubert_base_model", "message": "Инициализирована модель RuBERT-base-cased с 6 классами", "module": "emotion_classifier", "function": "__init__", "line": 30}
{"timestamp": "2025-12-01T21:24:08.804814", "level": "INFO", "logger": "emotion_analyzer.rubert_base_model", "message": "Hidden size: 768, Layers: 12", "module": "emotion_classifier", "function": "__init__", "line": 31}
{"timestamp": "2025-12-01T21:24:08.805986", "level": "INFO", "logger": "emotion_analyzer.rubert_base_model", "message": "Vocab size: 119547", "module": "emotion_classifier", "function": "__init__", "line": 32}
{"timestamp": "2025-12-01T21:24:09.331818", "level": "INFO", "logger": "emotion_analyzer.rubert_base_analyzer", "message": "RuBERT-base-cased модель и токенизатор успешно загружены", "module": "emotion_classifier", "function": "load_model", "line": 124}
{"timestamp": "2025-12-01T21:24:09.417438", "level": "INFO", "logger": "emotion_analyzer.rubert_base_analyzer", "message": "Размер словаря: 119547", "module": "emotion_classifier", "function": "load_model", "line": 125}
{"timestamp": "2025-12-01T21:24:09.417999", "level": "INFO", "logger": "emotion_analyzer.rubert_base_analyzer", "message": "Архитектура: 12 слоев, hidden_size=768", "module": "emotion_classifier", "function": "load_model", "line": 126}
{"timestamp": "2025-12-01T21:34:34.891722", "level": "INFO", "logger": "emotion_analyzer.database", "message": "Database tables created successfully", "module": "database", "function": "init_db", "line": 24}
{"timestamp": "2025-12-01T21:34:34.892486", "level": "INFO", "logger": "emotion_analyzer.rubert_base_analyzer", "message": "Загрузка RuBERT-base-cased модели из директории: D:\\Programming\\python\\emotionalyzer\\App\\model", "module": "emotion_classifier", "function": "load_model", "line": 86}
{"timestamp": "2025-12-01T21:34:34.893327", "level": "INFO", "logger": "emotion_analyzer.rubert_base_analyzer", "message": "Найдено файлов токенизатора: 3", "module": "emotion_classifier", "function": "load_model", "line": 102}
{"timestamp": "2025-12-01T21:34:34.893890", "level": "INFO", "logger": "emotion_analyzer.rubert_base_analyzer", "message": "Загрузка токенизатора из локальных файлов", "module": "emotion_classifier", "function": "load_model", "line": 106}
{"timestamp": "2025-12-01T21:34:35.159290", "level": "INFO", "logger": "emotion_analyzer.rubert_base_analyzer", "message": "Загрузка весов модели из D:\\Programming\\python\\emotionalyzer\\App\\model\\rubert_emotion_classifier.pt", "module": "emotion_classifier", "function": "load_model", "line": 113}
{"timestamp": "2025-12-01T21:34:38.701663", "level": "INFO", "logger": "emotion_analyzer.rubert_base_model", "message": "Инициализирована модель RuBERT-base-cased с 6 классами", "module": "emotion_classifier", "function": "__init__", "line": 30}
{"timestamp": "2025-12-01T21:34:38.702432", "level": "INFO", "logger": "emotion_analyzer.rubert_base_model", "message": "Hidden size: 768, Layers: 12", "module": "emotion_classifier", "function": "__init__", "line": 31}
{"timestamp": "2025-12-01T21:34:38.703653", "level": "INFO", "logger": "emotion_analyzer.rubert_base_model", "message": "Vocab size: 119547", "module": "emotion_classifier", "function": "__init__", "line": 32}
{"timestamp": "2025-12-01T21:34:39.209048", "level": "INFO", "logger": "emotion_analyzer.rubert_base_analyzer", "message": "RuBERT-base-cased модель и токенизатор успешно загружены", "module": "emotion_classifier", "function": "load_model", "line": 124}
{"timestamp": "2025-12-01T21:34:39.293279", "level": "INFO", "logger": "emotion_analyzer.rubert_base_analyzer", "message": "Размер словаря: 119547", "module": "emotion_classifier", "function": "load_model", "line": 125}
{"timestamp": "2025-12-01T21:34:39.293988", "level": "INFO", "logger": "emotion_analyzer.rubert_base_analyzer", "message": "Архитектура: 12 слоев, hidden_size=768", "module": "emotion_classifier", "function": "load_model", "line": 126}
